◆ license-manager v0.4.0-dev                            db: db.sqlite | net: online | http: 0/3 ON | 21/05/2026 07:54:12
  1 Dashboard    2 Licenses    3 Issuer keys    4 Recipients    5 Identities    6 Revocation    7 Servers    8 Audit    
9 Settings                                                                                                              
                                                                                                           ───────────  
 audit                                                                                                                  
 filtres :  ┌────────┐┌────────────┐┌────────┐┌───────────┐┌─────────────┐┌──────────┐  E export CSV  J export JSON     
            │  f all ││  l license ││  k key ││  s server ││  i identity ││  p probe │                                  
            └────────┘└────────────┘└────────┘└───────────┘└─────────────┘└──────────┘                                  
                                                                                                                        
Audit (0)  [d] detail · [r] refresh · [pgup/pgdn] page                                                                  
 TIMESTAMP             KIND                  ACTOR           TARGET            NOTE                                     
                                                                                                                        
                                                                                                                        
                                                                                                                        
                                                                                                                        
                                                                                                                        
                                                                                                                        
                                                                                                                        
                                                                                                                        
                                                                                                                        
                                                                                                                        
                                                                                                                        
                                                                                                                        
                                                                                                                        
                                                                                                                        
                                                                                                                        
                                                                                                                        
                                                                                                                        
                                                                                                                        
                                                                                                                        
                                                                                                                        
                                                                                                                        
                                                                                                                        
                                                                                                                        
                                                                                                                        
                                                                                                                        
                                                                                                                        
                                                                                                                        
                                                                                                                        
d détail  / chercher  f filtrer  r rafraîchir  q quitter                                                         ~ tour 