◆ license-manager v0.4.0-dev                            db: db.sqlite | net: online | http: 0/3 ON | 21/05/2026 07:54:12
  1 Dashboard    2 Licenses    3 Issuer keys    4 Recipients    5 Identities    6 Revocation    7 Servers    8 Audit    
9 Settings                                                                                                              
───────────────                                                                                                         
 dashboard                                                                                                              
┌──────────────────────┐┌──────────────────────┐┌──────────────────────┐┌──────────────────────┐┌──────────────────────┐
│Actives            [a]││Révoquées          [r]││Expirées           [e]││Expirent < 7 j     [w]││Superseded         [u]│
│──────────────────────││──────────────────────││──────────────────────││──────────────────────││──────────────────────│
│42                    ││3                     ││7                     ││5                     ││0                     │
│signées par la clé ac…││présentes dans la CRL ││NotAfter dépassé      ││à renouveler          ││re-émises plus tard   │
└──────────────────────┘└──────────────────────┘└──────────────────────┘└──────────────────────┘└──────────────────────┘
                                                                                                                        
┌────────────────────────────────────────────────────┐ ┌──────────────────────────────────────────────────────────────┐ 
│ Clé d'émission active                   [k] gérer  │ │ 5 dernières actions                        [8] tout l'audit  │ 
│ maldev-prod-01                            ACTIVE   │ │ 00:00:00 license.issue uuid-1 (operator)                     │ 
│ nom production-2026                                │ │ 00:00:00 issuer.create uuid-2 (operator)                     │ 
│ fpr ed25519:abcd…ef01                              │ │                                                              │ 
│                                                    │ │                                                              │ 
│                                                    │ │                                                              │ 
│                                                    │ │                                                              │ 
│                                                    │ │                                                              │ 
│                                                    │ │                                                              │ 
└────────────────────────────────────────────────────┘ │                                                              │ 
                                                       │                                                              │ 
┌────────────────────────────────────────────────────┐ │                                                              │ 
│ Serveurs HTTP         [7] détail · [s] start/stop  │ └──────────────────────────────────────────────────────────────┘ 
│ ● Revocation  https://revoke.example.com:8443 ON   │                                                                  
│                                                    │ ┌──────────────────────────────────────────────────────────────┐ 
│ https://manager.localhttps://revoke.example.com:   │ │ Raccourcis                                   touche → écran  │ 
│ 8443                                               │ │  [n]  nouvelle                                               │ 
│ ╌╌╌╌╌╌╌╌╌╌╌╌╌╌╌╌╌╌╌╌╌╌╌╌╌╌╌╌╌╌╌╌╌╌╌╌╌╌╌╌╌╌╌╌╌╌╌╌   │ │ licence            │ [/]  rechercher   │ [x]  révoquer       │ 
│ ● Heartbeat  https://heartbeat.example.com:8444    │ │ ───────────────────┼───────────────────┼───────────────────  │ 
│ ON                                                 │ │  [k]  clés                                                   │ 
│                                                    │ │ d'émission         │ [i]  identity.bin │ [?]  aide           │ 
│ https://manager.localhttps://heartbeat.example.c   │ │ contextuelle                                                 │ 
│ om:8444                                            │ └──────────────────────────────────────────────────────────────┘ 
│ ╌╌╌╌╌╌╌╌╌╌╌╌╌╌╌╌╌╌╌╌╌╌╌╌╌╌╌╌╌╌╌╌╌╌╌╌╌╌╌╌╌╌╌╌╌╌╌╌   │                                                                  
│ ○ Probe  —                                   OFF   │                                                                  
│   arrêté · démarrer via onglet [7]                 │                                                                  
1-9 onglets  n nouvelle licence  / rechercher  k clés actives  ? aide  q quitter                                 ~ tour 