◆ license-manager v0.4.0-dev                            db: db.sqlite | net: online | http: 0/3 ON | 21/05/2026 07:54:12
  1 Dashboard    2 Licenses    3 Issuer keys    4 Recipients    5 Identities    6 Revocation    7 Servers    8 Audit    
9 Settings                                                                                                              
───────────────                                                                                                         
 dashboard                                                                                                              
┌──────────────────────┐┌──────────────────────┐┌──────────────────────┐┌──────────────────────┐┌──────────────────────┐
│Actives            [a]││Révoquées          [r]││Expirées           [e]││Expirent < 7 j     [w]││Superseded         [u]│
│──────────────────────││──────────────────────││──────────────────────││──────────────────────││──────────────────────│
│5                     ││1                     ││2                     ││0                     ││0                     │
│signées par la clé ac…││présentes dans la CRL ││NotAfter dépassé      ││à renouveler          ││re-émises plus tard   │
└──────────────────────┘└──────────────────────┘└──────────────────────┘└──────────────────────┘└──────────────────────┘
                                                                                                                        
┌────────────────────────────────────────────────────┐ ┌──────────────────────────────────────────────────────────────┐ 
│ Clé d'émission active                   [k] gérer  │ │ 5 dernières actions                        [8] tout l'audit  │ 
│ k1                                        ACTIVE   │ │ 00:00:00 license.issue  (op)                                 │ 
│ nom test-key                                       │ │                                                              │ 
│ fpr aa:bb                                          │ │                                                              │ 
│                                                    │ │                                                              │ 
│                                                    │ │                                                              │ 
│                                                    │ │                                                              │ 
│                                                    │ │                                                              │ 
└────────────────────────────────────────────────────┘ │                                                              │ 
                                                       │                                                              │ 
┌────────────────────────────────────────────────────┐ │                                                              │ 
│ Serveurs HTTP         [7] détail · [s] start/stop  │ └──────────────────────────────────────────────────────────────┘ 
│ ○ Revocation                               [OFF]   │                                                                  
│   arrêté · démarrer via onglet [7]                 │ ┌──────────────────────────────────────────────────────────────┐ 
│ ╌╌╌╌╌╌╌╌╌╌╌╌╌╌╌╌╌╌╌╌╌╌╌╌╌╌╌╌╌╌╌╌╌╌╌╌╌╌╌╌╌╌╌╌╌╌╌╌   │ │ Raccourcis                                   touche → écran  │ 
│ ○ Heartbeat                                [OFF]   │ │  [n]  nouvelle                                               │ 
│   arrêté · démarrer via onglet [7]                 │ │ licence            │ [/]  rechercher   │ [x]  révoquer       │ 
│ ╌╌╌╌╌╌╌╌╌╌╌╌╌╌╌╌╌╌╌╌╌╌╌╌╌╌╌╌╌╌╌╌╌╌╌╌╌╌╌╌╌╌╌╌╌╌╌╌   │ │ ───────────────────┼───────────────────┼───────────────────  │ 
│ ○ Probe                                    [OFF]   │ │  [k]  clés                                                   │ 
│   arrêté · démarrer via onglet [7]                 │ │ d'émission         │ [i]  identity.bin │ [?]  aide           │ 
└────────────────────────────────────────────────────┘ │ contextuelle                                                 │ 
                                                       └──────────────────────────────────────────────────────────────┘ 
                                                                                                                        
                                                                                                                        
                                                                                                                        
                                                                                                                        
1-9 onglets  n nouvelle licence  / rechercher  k clés actives  ? aide  q quitter                                 ~ tour 