◆ license-manager v0.4.0-dev                            db: db.sqlite | net: online | http: 0/3 ON | 21/05/2026 07:54:12
  1 Dashboard    2 Licenses    3 Issuers    4 Recipients    5 Identities    6 Revocation    7 Servers    8 Audit    9   
Settings                                                                                                                
───────────────                                                                                                         
┌────────────────────────┐┌────────────────────────┐┌────────────────────────┐┌────────────────────────┐┌───────────────
─────────┐                                                                                                              
│                 5      ││           1            ││            2           ││            0           ││            0  
│                                                                                                                       
│          Actives [a]   ││     Révoquées [r]      ││      Expirées [e]      ││   Expirent < 7 j [w]   ││     Superseded
[u]     │                                                                                                               
│   signées par la clé   ││ présentes dans la CRL  ││    NotAfter dépassé    ││      à renouveler      ││  re-émises    
plus tard   │                                                                                                           
│         active                                                                                                        
│└────────────────────────┘└────────────────────────┘└────────────────────────┘└────────────────────────┘               
└────────────────────────┘                                                                                              
┌───────────────────────────────────────┐┌──────────────────────────────────────────────────────────────────────────────
─┐                                                                                                                      
│ Clé d'émission active [k] gérer       ││ 5 dernières actions [8] tout l'audit                                         
│                                                                                                                       
│                                       ││                                                                              
│                                                                                                                       
│ k1  ┌────────┐                        ││ 00:00:00  license.issue                             (op)                     
│                                                                                                                       
│ │ ACTIVE │                            ││                                                                              
│                                                                                                                       
│ └────────┘                            ││                                                                              
│                                                                                                                       
│ nom test-key                          ││                                                                              
│                                                                                                                       
│ fpr aa:bb                             ││                                                                              
│                                                                                                                       
│                                       ││                                                                              
│                                                                                                                       
│                                       ││                                                                              
│                                                                                                                       
│                                       ││                                                                              
│                                                                                                                       
│                                       ││                                                                              
│                                                                                                                       
│                                       ││                                                                              
│                                                                                                                       
└───────────────────────────────────────┘│                                                                              
│                                                                                                                       
┌───────────────────────────────────────┐│                                                                              
│                                                                                                                       
│ Serveurs HTTP [7] détail · [s]        ││                                                                              
│                                                                                                                       
│ start/stop                            ││                                                                              
│                                                                                                                       
│                                                                                                                       
│└───────────────────────────────────────────────────────────────────────────────┘                                      
│ Revocation   ┌─────┐                                                                                                  
│┌───────────────────────────────────────────────────────────────────────────────┐                                      
│ │ OFF │                               ││ Raccourcis touche → écran                                                    
│                                                                                                                       
│ └─────┘                               ││                                                                              
│                                                                                                                       
│ Heartbeat    ┌─────┐                  ││  [n]   nouvelle licence                                                      
│                                                                                                                       
│ │ OFF │                               ││  [/]   rechercher                                                            
│                                                                                                                       
│ └─────┘                               ││  [x]   révoquer                                                              
│                                                                                                                       
│ Probe        ┌─────┐                  ││  [k]   clés d'émission                                                       
│                                                                                                                       
│ │ OFF │                               ││  [i]   identity.bin                                                          
│                                                                                                                       
│ └─────┘                               ││  [?]   aide contextuelle                                                     
│                                                                                                                       
│                                                                                                                       
│└───────────────────────────────────────────────────────────────────────────────┘                                      
└───────────────────────────────────────┘                                                                               