 license-manager                                                                                     oioio-space/maldev 
  1 Dashboard    2 Licenses    3 Issuers    4 Recipients    5 Identities    6 Revocation    7 Servers    8 Audit    9   
Settings                                                                                                                
───────────────                                                                                                         
┌──────────────────────────────┐┌──────────────────────────────┐┌──────────────────────────────┐┌───────────────────────
───────┐                                                                                                                
│               5              ││              0               ││              2               ││              1        
│                                                                                                                       
│            Active            ││        Expiring Soon         ││           Expired            ││           Revoked     
│                                                                                                                       
└──────────────────────────────┘└──────────────────────────────┘└──────────────────────────────┘└───────────────────────
───────┘                                                                                                                
┌───────────────────────────────────────────────────────────┐┌─────────────────────────────────────────────────────────┐
│ Active Issuer Key                                         ││ Recent Events                                           │
│                                                           ││                                                         │
│ Name:  test-key                                           ││ 0001-01-01T00:00:00  license.issue         op           │
│ KeyID: k1                                                 ││                                                         │
│ FP:    aa:bb                                              ││                                                         │
│                                                           ││                                                         │
│                                                           ││                                                         │
│                                                           ││                                                         │
│                                                           ││                                                         │
│                                                           ││                                                         │
│                                                           ││                                                         │
│                                                           ││                                                         │
└───────────────────────────────────────────────────────────┘└─────────────────────────────────────────────────────────┘
┌───────────────────────────────────────────────────────────┐┌─────────────────────────────────────────────────────────┐
│ Servers                                                   ││ Shortcuts                                               │
│                                                           ││                                                         │
│ Phase 4 — to be wired                                     ││  1-9  switch view                                       │
│                                                           ││  q  quit                                                │
│                                                           ││  ?  help                                                │
│                                                           ││  r  refresh                                             │
│                                                           ││                                                         │
│                                                           ││                                                         │
│                                                           ││                                                         │
│                                                           ││                                                         │
│                                                           ││                                                         │
│                                                           ││                                                         │
└───────────────────────────────────────────────────────────┘└─────────────────────────────────────────────────────────┘
                                                                                                                        
                                                                                                                        