◆ license-manager v0.4.0-dev                            db: db.sqlite | net: online | http: 0/3 ON | 21/05/2026 07:54:12
  1 Dashboard    2 Licenses    3 Issuers    4 Recipients    5 Identities    6 Revocation    7 Servers    8 Audit    9   
Settings                                                                                                                
───────────────                                                                                                         
┌────────────────────────┐┌────────────────────────┐┌────────────────────────┐┌────────────────────────┐┌───────────────
─────────┐                                                                                                              
│                 42     ││           3            ││            7           ││            5           ││            0  
│                                                                                                                       
│          Actives [a]   ││     Révoquées [r]      ││      Expirées [e]      ││   Expirent < 7 j [w]   ││     Superseded
[u]     │                                                                                                               
│   signées par la clé   ││ présentes dans la CRL  ││    NotAfter dépassé    ││      à renouveler      ││  re-émises    
plus tard   │                                                                                                           
│         active                                                                                                        
│└────────────────────────┘└────────────────────────┘└────────────────────────┘└────────────────────────┘               
└────────────────────────┘                                                                                              
┌───────────────────────────────────────┐┌──────────────────────────────────────────────────────────────────────────────
─┐                                                                                                                      
│ Clé d'émission active [k] gérer       ││ 5 dernières actions [8] tout l'audit                                         
│                                                                                                                       
│                                       ││                                                                              
│                                                                                                                       
│ maldev-prod-01  ┌────────┐            ││ 00:00:00  license.issue           uuid-1            (operator)               
│                                                                                                                       
│ │ ACTIVE │                            ││ 00:00:00  issuer.create           uuid-2            (operator)               
│                                                                                                                       
│ └────────┘                            ││                                                                              
│                                                                                                                       
│ nom production-2026                   ││                                                                              
│                                                                                                                       
│ fpr ab:cd:ef:01                       ││                                                                              
│                                                                                                                       
│                                       ││                                                                              
│                                                                                                                       
│                                       ││                                                                              
│                                                                                                                       
│                                       ││                                                                              
│                                                                                                                       
│                                       ││                                                                              
│                                                                                                                       
│                                       ││                                                                              
│                                                                                                                       
└───────────────────────────────────────┘│                                                                              
│                                                                                                                       
┌───────────────────────────────────────┐│                                                                              
│                                                                                                                       
│ Serveurs HTTP [7] détail · [s]        ││                                                                              
│                                                                                                                       
│ start/stop                            ││                                                                              
│                                                                                                                       
│                                                                                                                       
│└───────────────────────────────────────────────────────────────────────────────┘                                      
│ Revocation   ┌────┐                                                                                                   
│┌───────────────────────────────────────────────────────────────────────────────┐                                      
│ │ ON │                                ││ Raccourcis touche → écran                                                    
│                                                                                                                       
│ └────┘                                ││                                                                              
│                                                                                                                       
│ https://revoke.example.com:8443       ││  [n]   nouvelle licence                                                      
│                                                                                                                       
│ Heartbeat    ┌────┐                   ││  [/]   rechercher                                                            
│                                                                                                                       
│ │ ON │                                ││  [x]   révoquer                                                              
│                                                                                                                       
│ └────┘                                ││  [k]   clés d'émission                                                       
│                                                                                                                       
│ https://heartbeat.example.com:8444    ││  [i]   identity.bin                                                          
│                                                                                                                       
│ Probe        ┌─────┐                  ││  [?]   aide contextuelle                                                     
│                                                                                                                       
│ │ OFF │                                                                                                               
│└───────────────────────────────────────────────────────────────────────────────┘                                      
│ └─────┘  —                            │                                                                               
└───────────────────────────────────────┘                                                                               