 license-manager                                                                                     oioio-space/maldev 
  1 Dashboard    2 Licenses    3 Issuers    4 Recipients    5 Identities    6 Revocation    7 Servers    8 Audit    9   
Settings                                                                                                                
───────────────                                                                                                         
┌────────────────────────────┐┌────────────────────────────┐┌────────────────────────────┐┌────────────────────────────┐
│             42             ││             5              ││             7              ││             3              │
│           Active           ││       Expiring Soon        ││          Expired           ││          Revoked           │
└────────────────────────────┘└────────────────────────────┘└────────────────────────────┘└────────────────────────────┘
                                                                                                                        
┌──────────────────────────────────────────────────────────┐  ┌────────────────────────────────────────────────────────┐
│ Active Issuer Key                                        │  │ Recent Events                                          │
│                                                          │  │                                                        │
│ Name:  production-2026                                   │  │ 0001-01-01T00:00:00  license.issue         operator    │
│ KeyID: maldev-prod-01                                    │  │ 0001-01-01T00:00:00  issuer.create         operator    │
│ FP:    ab:cd:ef:01                                       │  └────────────────────────────────────────────────────────┘
└──────────────────────────────────────────────────────────┘                                                            
                                                              ┌────────────────────────────────────────────────────────┐
┌──────────────────────────────────────────────────────────┐  │ Shortcuts                                              │
│ Servers                                                  │  │                                                        │
│                                                          │  │  1-9  switch view                                      │
│ Phase 4 — to be wired                                    │  │  q  quit                                               │
└──────────────────────────────────────────────────────────┘  │  ?  help                                               │
                                                              │  r  refresh                                            │
                                                              └────────────────────────────────────────────────────────┘
                                                                                                                        
                                                                                                                        
                                                                                                                        
                                                                                                                        
                                                                                                                        
                                                                                                                        
                                                                                                                        
                                                                                                                        
                                                                                                                        
                                                                                                                        
                                                                                                                        
                                                                                                                        
                                                                                                                        
                                                                                                                        
                                                                                                                        
                                                                                                                        
                                                                                                                        
                                                                                                                        