◆ license-manager v0.4.0-dev                            db: db.sqlite | net: online | http: 0/3 ON | 21/05/2026 07:54:12
  1 Dashboard    2 Licenses    3 Issuer keys    4 Recipients    5 Identities    6 Revocation    7 Servers    8 Audit    
9 Settings                                                                                                              
               ──────────────                                                                                           
 licenses ▸ liste (0)                                                                                                   
                                                                                                                        
 / rechercher dans subject…             0/0   ┌─────┐ ┌────────┐ ┌──────────┐ ┌─────────┐ ┌─────────┐ ┌────────────┐    
                                              │ all │ │ active │ │ expiring │ │ expired │ │ revoked │ │ superseded │    
                                              └─────┘ └────────┘ └──────────┘ └─────────┘ └─────────┘ └────────────┘    
                                                                                                                        
┌──────────────────────────────────────────────────────────────────────────────────────────────────────────────────────┐
│ Licences (0)                           [↑↓]  nav ·  [d]  détail ·  [n]  nouvelle ·  [x]  révoquer ·  [e]  re-émettre │
│  STATUS       SUBJECT                 AUDIENCE          KEYID               EXPIRES       FEATURES                   │
│                                                                                                                      │
│                                                                                                                      │
│                                  aucune licence — n pour en émettre une, ? pour l'aide                               │
└──────────────────────────────────────────────────────────────────────────────────────────────────────────────────────┘
                                                                                                                        
                                                                                                                        
                                                                                                                        
                                                                                                                        
                                                                                                                        
                                                                                                                        
                                                                                                                        
                                                                                                                        
                                                                                                                        
                                                                                                                        
                                                                                                                        
                                                                                                                        
                                                                                                                        
                                                                                                                        
                                                                                                                        
                                                                                                                        
                                                                                                                        
                                                                                                                        
                                                                                                                        
                                                                                                                        
                                                                                                                        
                                                                                                                        
n nouvelle  e re-émettre  x révoquer  d détail  f filtrer  q quitter                                             ~ tour 