                                                                                                                        
                                                                                                                        
                                                                                                                        
                                                                                                                        
                                                                                                                        
                                                                                                                        
                                                                                                                        
                                                                                                                        
                                                                                                                        
                                                                                                                        
                                                                                                                        
                                                                                                                        
                                                                                                                        
                                ┌──────────────────────────────────────────────────────┐                                
                                │   license-manager                                    │                                
                                │                                                      │                                
                                │ First launch — no database found.                    │                                
                                │ This wizard will set up your store in a few steps.   │                                
                                │                                                      │                                
                                │ Steps:                                               │                                
                                │   1. Set a passphrase                                │                                
                                │   2. Create your first issuer key                    │                                
                                │   3. Issue a first license (optional)                │                                
                                │                                                      │                                
                                │  enter  begin                                        │                                
                                └──────────────────────────────────────────────────────┘                                
                                                                                                                        
                                                                                                                        
                                                                                                                        
                                                                                                                        
                                                                                                                        
                                                                                                                        
                                                                                                                        
                                                                                                                        
                                                                                                                        
                                                                                                                        
                                                                                                                        
                                                                                                                        
                                                                                                                        
                                                                                                                        