                                                                                                                        
                                                                                                                        
                                                                                                                        
                                                                                                                        
                                                                                                                        
                                                                                                                        
                                                                                                                        
                                                                                                                        
                                                                                                                        
                                                                                                                        
                                                                                                                        
                                                                                                                        
                      ◆ PREMIÈRE UTILISATION                                                                            
                      Aucune base détectée                                                                              
                                                                                                                        
                      ┌────────────────────────────────────┐┌────────────────────────────────────┐                      
                      │ [1] Chiffrer une base SQLite       ││ [2] Créer ton identité d'émission  │                      
                      │ locale avec ta passphrase          ││ (issuer)                           │                      
                      └────────────────────────────────────┘└────────────────────────────────────┘                      
                      ┌────────────────────────────────────┐┌────────────────────────────────────┐                      
                      │ [3] Générer ta première paire de   ││ [4] Émettre une licence pour toi,  │                      
                      │ clés Ed25519                       ││ pinnée à ta machine                │                      
                      └────────────────────────────────────┘└────────────────────────────────────┘                      
                                                                                                                        
                      Tu pourras revenir sur tous ces choix dans Settings après coup.                                   
                                                                                                                        
                       enter  Commencer    esc  Quitter                                                                 
                                                                                                                        
                                                                                                                        
                                                                                                                        
                                                                                                                        
                                                                                                                        
                                                                                                                        
                                                                                                                        
                                                                                                                        
                                                                                                                        
                                                                                                                        
                                                                                                                        
                                                                                                                        
                                                                                                                        