                                                                                                                        
                                                                                                                        
                                                                                                                        
                                                                                                                        
                                                                                                                        
                                                                                                                        
                                                                                                                        
                                                                                                                        
                                                                                                                        
                                                                                                                        
                        ◆ PREMIÈRE UTILISATION                                                                          
                        Aucune base détectée                                                                            
                                                                                                                        
                        ┌──────────────────────────────────┐┌──────────────────────────────────┐                        
                        │ ┌──┐ Chiffrer une base SQLite    ││ ┌──┐ Créer ton identité          │                        
                        │ locale avec ta passphrase        ││ d'émission (issuer)              │                        
                        │ │1 │                             ││ │2 │                             │                        
                        │ └──┘                             ││ └──┘                             │                        
                        └──────────────────────────────────┘└──────────────────────────────────┘                        
                        ┌──────────────────────────────────┐┌──────────────────────────────────┐                        
                        │ ┌──┐ Générer ta première paire   ││ ┌──┐ Émettre une licence pour    │                        
                        │ de clés Ed25519                  ││ toi, pinnée à ta machine         │                        
                        │ │3 │                             ││ │4 │                             │                        
                        │ └──┘                             ││ └──┘                             │                        
                        └──────────────────────────────────┘└──────────────────────────────────┘                        
                                                                                                                        
                        Tu pourras revenir sur tous ces choix dans Settings après coup.                                 
                                                                                                                        
                         enter  Commencer    esc  Quitter                                                               
                                                                                                                        
                                                                                                                        
                                                                                                                        
                                                                                                                        
                                                                                                                        
                                                                                                                        
                                                                                                                        
                                                                                                                        
                                                                                                                        
                                                                                                                        
                                                                                                                        