                                                                                                                        
                                                                                                                        
                                                                                                                        
                                                                                                                        
                                                                                                                        
                                                                                                                        
                                                                                                                        
                                                                                                                        
                                                                                                                        
                                                                                                                        
                                                                                                                        
                                                                                                                        
                                                                                                                        
                                                                                                                        
                                  ┌──────────────────────────────────────────────────┐                                  
                                  │ license-manager                                  │                                  
                                  │                                                  │                                  
                                  │ Enter the database passphrase to continue.       │                                  
                                  │                                                  │                                  
                                  │ > enter passphrase                               │                                  
                                  │                                                  │                                  
                                  │ wrong passphrase — 2 attempt(s) remaining        │                                  
                                  │                                                  │                                  
                                  │  enter  submit   ctrl+c  quit                    │                                  
                                  └──────────────────────────────────────────────────┘                                  
                                                                                                                        
                                                                                                                        
                                                                                                                        
                                                                                                                        
                                                                                                                        
                                                                                                                        
                                                                                                                        
                                                                                                                        
                                                                                                                        
                                                                                                                        
                                                                                                                        
                                                                                                                        
                                                                                                                        
                                                                                                                        
                                                                                                                        