                                                                                                                        
                                                                                                                        
                                                                                                                        
                                                                                                                        
                                                                                                                        
                                                                                                                        
                                                                                                                        
                                                                                                                        
                                                                                                                        
                                                                                                                        
                                                                                                                        
                                                                                                                        
                                                                                                                        
                                                                                                                        
                                  ┌──────────────────────────────────────────────────┐                                  
                                  │ license-manager                                  │                                  
                                  │                                                  │                                  
                                  │ Enter the database passphrase to continue.       │                                  
                                  │                                                  │                                  
                                  │ > enter passphrase                               │                                  
                                  │                                                  │                                  
                                  │ 3 attempt(s) remaining                           │                                  
                                  │                                                  │                                  
                                  │  enter  submit   ctrl+c  quit                    │                                  
                                  └──────────────────────────────────────────────────┘                                  
                                                                                                                        
                                                                                                                        
                                                                                                                        
                                                                                                                        
                                                                                                                        
                                                                                                                        
                                                                                                                        
                                                                                                                        
                                                                                                                        
                                                                                                                        
                                                                                                                        
                                                                                                                        
                                                                                                                        
                                                                                                                        
                                                                                                                        