┌──────────────────────────────────────────────────────────────────────┐
│                                                                      │
│  Licence Issued                                                      │
│                                                                      │
│                                                                      │
│  s save   c copy PEM   esc/enter close                               │
│                                                                      │
└──────────────────────────────────────────────────────────────────────┘