◆ license-manager v0.4.0-dev                            db: db.sqlite | net: online | http: 0/3 ON | 21/05/2026 07:54:12
  1 Dashboard    2 Licenses    3 Issuer keys    4 Recipients    5 Identities    6 Revocation    7 Servers    8 Audit    
9 Settings                                                                                                              
                                                                                              ─────────────             
┌───────────────┐  ┌──────────────┐  s=start  S=stop  c=clear log  1-4=filter                                           
│ [A] Start all │  │ [Z] Stop all │                                                                                     
└───────────────┘  └──────────────┘                                                                                     
┌────────────────────────────────────────┐┌────────────────────────────────────────┐┌───────────────────────────────────
─────┐                                                                                                                  
│ revocation   ┌──────┐                  ││ heartbeat    ┌──────┐                  ││ probe        ┌──────┐             
│                                                                                                                       
│              │ OFF  │                  ││              │ OFF  │                  ││              │ OFF  │             
│                                                                                                                       
│              └──────┘                  ││              └──────┘                  ││              └──────┘             
│                                                                                                                       
│ Addr:    —                             ││ Addr:    —                             ││ Addr:    —                        
│                                                                                                                       
│ Uptime:  —                             ││ Uptime:  —                             ││ Uptime:  —                        
│                                                                                                                       
│ Reqs:    0                             ││ Reqs:    0                             ││ Reqs:    0                        
│                                                                                                                       
│ LastReq: —                             ││ LastReq: —                             ││ LastReq: —                        
│                                                                                                                       
│                                        ││                                        ││                                   
│                                                                                                                       
│                                        ││                                        ││                                   
│                                                                                                                       
│                                        ││                                        ││                                   
│                                                                                                                       
│                                        ││                                        ││                                   
│                                                                                                                       
│                                        ││                                        ││                                   
│                                                                                                                       
│ ┌─────────────┐ ┌────────────┐         ││ ┌─────────────┐ ┌────────────┐         ││ ┌─────────────┐ ┌────────────┐    
│                                                                                                                       
│ │  [s] Start  │ │  [S] Stop  │         ││ │  [s] Start  │ │  [S] Stop  │         ││ │  [s] Start  │ │  [S] Stop  │    
│                                                                                                                       
│ └─────────────┘ └────────────┘         ││ └─────────────┘ └────────────┘         ││ └─────────────┘ └────────────┘    
│                                                                                                                       
└────────────────────────────────────────┘└────────────────────────────────────────┘└───────────────────────────────────
─────┘                                                                                                                  
Event log  ┌───────┐┌──────────────┐┌─────────────┐┌─────────┐                                                          
│  all  ││  revocation  ││  heartbeat  ││  probe  │                                                                     
└───────┘└──────────────┘└─────────────┘└─────────┘  c=clear                                                            
12:00:00  revocation    started   127.0.0.1:8443                                                                        
                                                                                                                        
                                                                                                                        
                                                                                                                        
                                                                                                                        
                                                                                                                        
                                                                                                                        
                                                                                                                        
                                                                                                                        
                                                                                                                        
                                                                                                                        
                                                                                                                        
                                                                                                                        
                                                                                                                        
                                                                                                                        
                                                                                                                        
                                                                                                                        
                                                                                                                        
                                                                                                                        
                                                                                                                        
                                                                                                                        
                                                                                                                        
                                                                                                                        
                                                                                                                        