◆ license-manager v0.4.0-dev                            db: db.sqlite | net: online | http: 0/3 ON | 21/05/2026 07:54:12
  1 Dashboard    2 Licenses    3 Issuer keys    4 Recipients    5 Identities    6 Revocation    7 Servers    8 Audit    
9 Settings                                                                                                              
                                                                                                                        
──────────────                                                                                                          
 settings                                                                                                               
┌───────────────────────────────────────────────────────────┐                                                           
┌───────────────────────────────────────────────────────────┐                                                           
│ Defaults licence (wizard nouvelle licence)                │ │ default_argon_preset (binding password)                 
│                                                                                                                       
│                                                           │ │                                                         
│                                                                                                                       
│ default_issuer_name                                       │ │    [1]  fast (t=2 m=64MiB p=1)                          
│                                                                                                                       
│ default_audience                                          │ │    [2]  default (t=3 m=256MiB p=2)                      
│                                                                                                                       
│ default_ttl_seconds   0 s                                 │ │    [3]  paranoid (t=4 m=512MiB p=2)                     
│                                                                                                                       
│ default_keyid         active                              │ │ Coût à la vérification côté binaire. paranoid ≈ 2.5s sur
│                                                                                                                       
└───────────────────────────────────────────────────────────┘ │ un i7.                                                  
│                                                                                                                       
┌───────────────────────────────────────────────────────────┐                                                           
└───────────────────────────────────────────────────────────┘                                                           
│ Identité opérateur (audit actor)                          │                                                           
┌───────────────────────────────────────────────────────────┐                                                           
│                                                           │ │ Base de données                                         
│                                                                                                                       
│ operator_name                                             │ │                                                         
│                                                                                                                       
│ Toutes les entries Audit sont taguées avec cette valeur.  │ │ chemin                ~/.config/license-                
manager/db.sqlite │                                                                                                     
└───────────────────────────────────────────────────────────┘ │ passphrase            résolue via                       
│                                                                                                                       
┌───────────────────────────────────────────────────────────┐ │ MALDEV_MGR_PASSPHRASE_FILE / env                        
│                                                                                                                       
│ Cycle de vie serveurs HTTP                                │ │                                                         
│                                                                                                                       
│                                                           │ │  [P]  changer la passphrase (rekey complet en           
r rafraîchir  P passphrase  V vacuum  B backup  q quitter                                                        ~ tour 