◆ license-manager v0.4.0-dev                            db: db.sqlite | net: online | http: 0/3 ON | 21/05/2026 07:54:12
  1    2    3    4    5    6    7    8    9    0                                                                        
                                        ─────                                                                           
 audit                                                                                                                  
 filtres :  ┌────────┐┌────────────┐┌────────┐┌───────────┐┌─────────────┐┌──────────┐  E export CSV  J export JSON     
            │  f all ││  l license ││  k key ││  s server ││  i identity ││  p probe │                                  
            └────────┘└────────────┘└────────┘└───────────┘└─────────────┘└──────────┘                                  
                                                                                                                        
Audit (0)  [d] detail · [r] refresh · [pgup/pgdn] page                                                                  
 TIMESTAMP             KIND                  ACTOR           TARGET            NOTE                                     
                                                                                                                        
                                                                                                                        
                               aucun évènement — l'historique s'enrichit à chaque action                                
┌────────────────────────────────────────────────────────────────────────────────────────────────────────────────────┐  
│ Detail                                                                                                             │  
│                                                                                                                    │  
│ aucune sélection — utilise ↑/↓ pour choisir une ligne puis  [d]  pour le détail                                    │  
└────────────────────────────────────────────────────────────────────────────────────────────────────────────────────┘  
                                                                                                                        
                                                                                                                        
                                                                                                                        
                                                                                                                        
                                                                                                                        
                                                                                                                        
                                                                                                                        
                                                                                                                        
                                                                                                                        
                                                                                                                        
                                                                                                                        
                                                                                                                        
                                                                                                                        
                                                                                                                        
                                                                                                                        
                                                                                                                        
                                                                                                                        
                                                                                                                        
                                                                                                                        
                                                                                                                        
                                                                                                                        
d détail  / chercher  f filtrer  r rafraîchir  q quitter                                                         ~ tour 